Modules list:
-------------
main.o:
    CODE              Offs=000000  Size=00006B  Align=00001  Fill=0000
    RODATA            Offs=000000  Size=00001C  Align=00001  Fill=0000
/usr/share/cc65/lib/nes.lib(callmain.o):
    CODE              Offs=00006B  Size=000017  Align=00001  Fill=0000
    DATA              Offs=000000  Size=000004  Align=00001  Fill=0000
/usr/share/cc65/lib/nes.lib(condes.o):
    CODE              Offs=000082  Size=00000C  Align=00001  Fill=0000
    DATA              Offs=000004  Size=000025  Align=00001  Fill=0000
    ONCE              Offs=000000  Size=00000C  Align=00001  Fill=0000
/usr/share/cc65/lib/nes.lib(copydata.o):
    CODE              Offs=00008E  Size=00002D  Align=00001  Fill=0000
/usr/share/cc65/lib/nes.lib(crt0.o):
    HEADER            Offs=000000  Size=000010  Align=00001  Fill=0000
    STARTUP           Offs=000000  Size=00005D  Align=00001  Fill=0000
    VECTORS           Offs=000000  Size=000006  Align=00001  Fill=0000
/usr/share/cc65/lib/nes.lib(decsp1.o):
    CODE              Offs=0000BB  Size=000009  Align=00001  Fill=0000
/usr/share/cc65/lib/nes.lib(neschar.o):
    CHARS             Offs=000000  Size=001000  Align=00001  Fill=0000
/usr/share/cc65/lib/nes.lib(ppubuf.o):
    CODE              Offs=0000C4  Size=0000B0  Align=00001  Fill=0000
    BSS               Offs=000000  Size=000001  Align=00001  Fill=0000
/usr/share/cc65/lib/nes.lib(pushax.o):
    CODE              Offs=000174  Size=00001A  Align=00001  Fill=0000
/usr/share/cc65/lib/nes.lib(zerobss.o):
    CODE              Offs=00018E  Size=000023  Align=00001  Fill=0000
/usr/share/cc65/lib/nes.lib(zeropage.o):
    ZEROPAGE          Offs=000000  Size=00001A  Align=00001  Fill=0000


Segment list:
-------------
Name                   Start     End    Size  Align
----------------------------------------------------
CHARS                 000000  000FFF  001000  00001
HEADER                000000  00000F  000010  00001
ZEROPAGE              000000  000019  00001A  00001
DATA                  000200  000228  000029  00001
BSS                   000229  000229  000001  00001
STARTUP               008000  00805C  00005D  00001
ONCE                  00805D  008068  00000C  00001
CODE                  008069  008219  0001B1  00001
RODATA                00821A  008235  00001C  00001
VECTORS               00FFFA  00FFFF  000006  00001


Exports list by name:
---------------------
NESfont                   000000 RLA    __BSS_RUN__               000229 RLA    
__BSS_SIZE__              000001 REA    __CONSTRUCTOR_COUNT__     000000 REA    
__CONSTRUCTOR_TABLE__     008069 RLA    __DATA_LOAD__             008236 RLA    
__DATA_RUN__              000200 RLA    __DATA_SIZE__             000029 REA    
__DESTRUCTOR_COUNT__      000000 REA    __DESTRUCTOR_TABLE__      008069 RLA    
__SRAM_SIZE__             002000 REA    __SRAM_START__            006000 RLA    
__STARTUP__               000001 REA    _main                     008069 RLA    
callmain                  0080D4 RLA    copydata                  0080F7 RLA    
decsp1                    008124 RLA    donelib                   0080EB RLA    
initlib                   00805D RLA    ppubuf_flush              008159 RLA    
ptr1                      000008 RLZ    ptr2                      00000A RLZ    
pushax                    0081E1 RLA    sp                        000000 RLZ    
tmp1                      000010 RLZ    zerobss                   0081F7 RLA    



Exports list by value:
----------------------
NESfont                   000000 RLA    __CONSTRUCTOR_COUNT__     000000 REA    
__DESTRUCTOR_COUNT__      000000 REA    sp                        000000 RLZ    
__BSS_SIZE__              000001 REA    __STARTUP__               000001 REA    
ptr1                      000008 RLZ    ptr2                      00000A RLZ    
tmp1                      000010 RLZ    __DATA_SIZE__             000029 REA    
__DATA_RUN__              000200 RLA    __BSS_RUN__               000229 RLA    
__SRAM_SIZE__             002000 REA    __SRAM_START__            006000 RLA    
initlib                   00805D RLA    __CONSTRUCTOR_TABLE__     008069 RLA    
__DESTRUCTOR_TABLE__      008069 RLA    _main                     008069 RLA    
callmain                  0080D4 RLA    donelib                   0080EB RLA    
copydata                  0080F7 RLA    decsp1                    008124 RLA    
ppubuf_flush              008159 RLA    pushax                    0081E1 RLA    
zerobss                   0081F7 RLA    __DATA_LOAD__             008236 RLA    



Imports list:
-------------
NESfont (neschar.o):
    crt0.o                    nes/crt0.s(26)
__BSS_RUN__ ([linker generated]):
    zerobss.o                 common/zerobss.s(8)
__BSS_SIZE__ ([linker generated]):
    zerobss.o                 common/zerobss.s(8)
__CONSTRUCTOR_COUNT__ ([linker generated]):
    condes.o                  runtime/condes.s(18)
__CONSTRUCTOR_TABLE__ ([linker generated]):
    condes.o                  runtime/condes.s(18)
__DATA_LOAD__ ([linker generated]):
    copydata.o                common/copydata.s(8)
__DATA_RUN__ ([linker generated]):
    copydata.o                common/copydata.s(8)
__DATA_SIZE__ ([linker generated]):
    copydata.o                common/copydata.s(8)
__DESTRUCTOR_COUNT__ ([linker generated]):
    condes.o                  runtime/condes.s(19)
__DESTRUCTOR_TABLE__ ([linker generated]):
    condes.o                  runtime/condes.s(19)
__SRAM_SIZE__ ([linker generated]):
    crt0.o                    nes/crt0.s(17)
__SRAM_START__ ([linker generated]):
    crt0.o                    nes/crt0.s(17)
__STARTUP__ (crt0.o):
    main.o                    main.s(13)
_main (main.o):
    callmain.o                runtime/callmain.s(11)
callmain (callmain.o):
    crt0.o                    nes/crt0.s(11)
copydata (copydata.o):
    crt0.o                    nes/crt0.s(12)
decsp1 (decsp1.o):
    main.o                    main.s(100)
donelib (condes.o):
    crt0.o                    nes/crt0.s(11)
initlib (condes.o):
    crt0.o                    nes/crt0.s(11)
ppubuf_flush (ppubuf.o):
    crt0.o                    nes/crt0.s(13)
ptr1 (zeropage.o):
    copydata.o                common/copydata.s(9)
    zerobss.o                 common/zerobss.s(9)
ptr2 (zeropage.o):
    copydata.o                common/copydata.s(9)
pushax (pushax.o):
    callmain.o                runtime/callmain.s(11)
sp (zeropage.o):
    pushax.o                  runtime/pushax.s(8)
    decsp1.o                  runtime/decsp1.s(8)
    crt0.o                    /build/cc65-EyVMkc/cc65-2.19/asminc/zeropage.inc(11)
    main.o                    main.s(10)
tmp1 (zeropage.o):
    copydata.o                common/copydata.s(9)
zerobss (zerobss.o):
    crt0.o                    nes/crt0.s(12)

